// Jest Snapshot v1, https://goo.gl/fbAQLP

exports[`establishment Non CQC Establishment should update the Local Authorities Share Options 1`] = `
Array [
  Object {
    "custodianCode": 5060,
    "name": "BARKING AND DAGENHAM",
  },
  Object {
    "custodianCode": 5090,
    "name": "BARNET",
  },
  Object {
    "custodianCode": 4405,
    "name": "BARNSLEY",
  },
  Object {
    "custodianCode": 235,
    "name": "BEDFORD",
  },
  Object {
    "custodianCode": 5120,
    "name": "BEXLEY",
  },
  Object {
    "custodianCode": 4605,
    "name": "BIRMINGHAM",
  },
  Object {
    "custodianCode": 2372,
    "name": "BLACKBURN WITH DARWEN",
  },
  Object {
    "custodianCode": 2373,
    "name": "BLACKPOOL",
  },
  Object {
    "custodianCode": 4205,
    "name": "BOLTON",
  },
  Object {
    "custodianCode": 1250,
    "name": "BOURNEMOUTH",
  },
  Object {
    "custodianCode": 335,
    "name": "BRACKNELL FOREST",
  },
  Object {
    "custodianCode": 4705,
    "name": "BRADFORD MDC",
  },
  Object {
    "custodianCode": 5150,
    "name": "BRENT",
  },
  Object {
    "custodianCode": 1445,
    "name": "BRIGHTON & HOVE",
  },
  Object {
    "custodianCode": 4210,
    "name": "BURY",
  },
  Object {
    "custodianCode": 4710,
    "name": "CALDERDALE",
  },
  Object {
    "custodianCode": 5210,
    "name": "CAMDEN",
  },
  Object {
    "custodianCode": 240,
    "name": "CENTRAL BEDFORDSHIRE",
  },
  Object {
    "custodianCode": 660,
    "name": "CHESHIRE EAST",
  },
  Object {
    "custodianCode": 665,
    "name": "CHESHIRE WEST AND CHESTER",
  },
  Object {
    "custodianCode": 5030,
    "name": "CITY OF LONDON",
  },
  Object {
    "custodianCode": 5990,
    "name": "CITY OF WESTMINSTER",
  },
  Object {
    "custodianCode": 840,
    "name": "CORNWALL",
  },
  Object {
    "custodianCode": 4610,
    "name": "COVENTRY",
  },
  Object {
    "custodianCode": 5240,
    "name": "CROYDON",
  },
  Object {
    "custodianCode": 1350,
    "name": "DARLINGTON",
  },
  Object {
    "custodianCode": 1055,
    "name": "DERBY",
  },
  Object {
    "custodianCode": 1045,
    "name": "DERBYSHIRE",
  },
  Object {
    "custodianCode": 4410,
    "name": "DONCASTER",
  },
  Object {
    "custodianCode": 4615,
    "name": "DUDLEY",
  },
  Object {
    "custodianCode": 1355,
    "name": "DURHAM",
  },
  Object {
    "custodianCode": 5270,
    "name": "EALING",
  },
  Object {
    "custodianCode": 2001,
    "name": "EAST RIDING OF YORKSHIRE",
  },
  Object {
    "custodianCode": 5300,
    "name": "ENFIELD",
  },
  Object {
    "custodianCode": 4505,
    "name": "GATESHEAD",
  },
  Object {
    "custodianCode": 1620,
    "name": "GLOUCESTERSHIRE",
  },
  Object {
    "custodianCode": 5330,
    "name": "GREENWICH",
  },
  Object {
    "custodianCode": 5360,
    "name": "HACKNEY",
  },
  Object {
    "custodianCode": 650,
    "name": "HALTON",
  },
  Object {
    "custodianCode": 5390,
    "name": "HAMMERSMITH AND FULHAM",
  },
  Object {
    "custodianCode": 5450,
    "name": "HARROW",
  },
  Object {
    "custodianCode": 724,
    "name": "HARTLEPOOL",
  },
  Object {
    "custodianCode": 5480,
    "name": "HAVERING",
  },
  Object {
    "custodianCode": 1850,
    "name": "HEREFORDSHIRE",
  },
  Object {
    "custodianCode": 5510,
    "name": "HILLINGDON",
  },
  Object {
    "custodianCode": 2114,
    "name": "ISLE OF WIGHT",
  },
  Object {
    "custodianCode": 835,
    "name": "ISLES OF SCILLY",
  },
  Object {
    "custodianCode": 5570,
    "name": "ISLINGTON",
  },
  Object {
    "custodianCode": 5600,
    "name": "KENSINGTON AND CHELSEA",
  },
  Object {
    "custodianCode": 2635,
    "name": "KINGS LYNN AND WEST NORFOLK",
  },
  Object {
    "custodianCode": 2004,
    "name": "KINGSTON UPON HULL",
  },
  Object {
    "custodianCode": 5630,
    "name": "KINGSTON UPON THAMES",
  },
  Object {
    "custodianCode": 4715,
    "name": "KIRKLEES",
  },
  Object {
    "custodianCode": 4305,
    "name": "KNOWSLEY",
  },
  Object {
    "custodianCode": 5660,
    "name": "LAMBETH",
  },
  Object {
    "custodianCode": 2335,
    "name": "LANCASHIRE",
  },
  Object {
    "custodianCode": 4720,
    "name": "LEEDS",
  },
  Object {
    "custodianCode": 2465,
    "name": "LEICESTER",
  },
  Object {
    "custodianCode": 5690,
    "name": "LEWISHAM",
  },
  Object {
    "custodianCode": 2515,
    "name": "LINCOLNSHIRE",
  },
  Object {
    "custodianCode": 4310,
    "name": "LIVERPOOL",
  },
  Object {
    "custodianCode": 5180,
    "name": "LONDON BOROUGH OF BROMLEY",
  },
  Object {
    "custodianCode": 5420,
    "name": "LONDON BOROUGH OF HARINGEY",
  },
  Object {
    "custodianCode": 5540,
    "name": "LONDON BOROUGH OF HOUNSLOW",
  },
  Object {
    "custodianCode": 230,
    "name": "LUTON",
  },
  Object {
    "custodianCode": 4215,
    "name": "MANCHESTER",
  },
  Object {
    "custodianCode": 2280,
    "name": "MEDWAY",
  },
  Object {
    "custodianCode": 5720,
    "name": "MERTON",
  },
  Object {
    "custodianCode": 734,
    "name": "MIDDLESBROUGH",
  },
  Object {
    "custodianCode": 435,
    "name": "MILTON KEYNES",
  },
  Object {
    "custodianCode": 4510,
    "name": "NEWCASTLE UPON TYNE",
  },
  Object {
    "custodianCode": 5750,
    "name": "NEWHAM",
  },
  Object {
    "custodianCode": 2002,
    "name": "NORTH EAST LINCOLNSHIRE",
  },
  Object {
    "custodianCode": 2003,
    "name": "NORTH LINCOLNSHIRE",
  },
  Object {
    "custodianCode": 121,
    "name": "NORTH SOMERSET",
  },
  Object {
    "custodianCode": 4515,
    "name": "NORTH TYNESIDE",
  },
  Object {
    "custodianCode": 2935,
    "name": "NORTHUMBERLAND",
  },
  Object {
    "custodianCode": 3060,
    "name": "NOTTINGHAM",
  },
  Object {
    "custodianCode": 4220,
    "name": "OLDHAM",
  },
  Object {
    "custodianCode": 3110,
    "name": "OXFORDSHIRE",
  },
  Object {
    "custodianCode": 540,
    "name": "PETERBOROUGH",
  },
  Object {
    "custodianCode": 1160,
    "name": "PLYMOUTH",
  },
  Object {
    "custodianCode": 1255,
    "name": "POOLE",
  },
  Object {
    "custodianCode": 1775,
    "name": "PORTSMOUTH CITY COUNCIL",
  },
  Object {
    "custodianCode": 345,
    "name": "READING",
  },
  Object {
    "custodianCode": 5780,
    "name": "REDBRIDGE",
  },
  Object {
    "custodianCode": 728,
    "name": "REDCAR AND CLEVELAND",
  },
  Object {
    "custodianCode": 5810,
    "name": "RICHMOND UPON THAMES",
  },
  Object {
    "custodianCode": 4225,
    "name": "ROCHDALE",
  },
  Object {
    "custodianCode": 4415,
    "name": "ROTHERHAM",
  },
  Object {
    "custodianCode": 2470,
    "name": "RUTLAND",
  },
  Object {
    "custodianCode": 4230,
    "name": "SALFORD",
  },
  Object {
    "custodianCode": 4620,
    "name": "SANDWELL",
  },
  Object {
    "custodianCode": 4320,
    "name": "SEFTON COUNCIL",
  },
  Object {
    "custodianCode": 4420,
    "name": "SHEFFIELD",
  },
  Object {
    "custodianCode": 3245,
    "name": "SHROPSHIRE",
  },
  Object {
    "custodianCode": 350,
    "name": "SLOUGH",
  },
  Object {
    "custodianCode": 4625,
    "name": "SOLIHULL",
  },
  Object {
    "custodianCode": 1780,
    "name": "SOUTHAMPTON",
  },
  Object {
    "custodianCode": 1590,
    "name": "SOUTHEND-ON-SEA",
  },
  Object {
    "custodianCode": 119,
    "name": "SOUTH GLOUCESTERSHIRE",
  },
  Object {
    "custodianCode": 2830,
    "name": "SOUTH NORTHAMPTONSHIRE",
  },
  Object {
    "custodianCode": 3430,
    "name": "SOUTH STAFFORDSHIRE",
  },
  Object {
    "custodianCode": 4520,
    "name": "SOUTH TYNESIDE",
  },
  Object {
    "custodianCode": 5840,
    "name": "SOUTHWARK",
  },
  Object {
    "custodianCode": 4315,
    "name": "ST HELENS COUNCIL",
  },
  Object {
    "custodianCode": 4235,
    "name": "STOCKPORT",
  },
  Object {
    "custodianCode": 738,
    "name": "STOCKTON-ON-TEES",
  },
  Object {
    "custodianCode": 3530,
    "name": "SUFFOLK COASTAL",
  },
  Object {
    "custodianCode": 4525,
    "name": "SUNDERLAND",
  },
  Object {
    "custodianCode": 3640,
    "name": "SURREY HEATH",
  },
  Object {
    "custodianCode": 5870,
    "name": "SUTTON",
  },
  Object {
    "custodianCode": 4240,
    "name": "TAMESIDE",
  },
  Object {
    "custodianCode": 3240,
    "name": "TELFORD AND WREKIN",
  },
  Object {
    "custodianCode": 1165,
    "name": "TORBAY",
  },
  Object {
    "custodianCode": 5900,
    "name": "TOWER HAMLETS",
  },
  Object {
    "custodianCode": 4245,
    "name": "TRAFFORD",
  },
  Object {
    "custodianCode": 4725,
    "name": "WAKEFIELD",
  },
  Object {
    "custodianCode": 4630,
    "name": "WALSALL",
  },
  Object {
    "custodianCode": 5930,
    "name": "WALTHAM FOREST",
  },
  Object {
    "custodianCode": 5960,
    "name": "WANDSWORTH",
  },
  Object {
    "custodianCode": 655,
    "name": "WARRINGTON",
  },
  Object {
    "custodianCode": 3725,
    "name": "WARWICKSHIRE",
  },
  Object {
    "custodianCode": 340,
    "name": "WEST BERKSHIRE",
  },
  Object {
    "custodianCode": 3320,
    "name": "WEST SOMERSET",
  },
  Object {
    "custodianCode": 4250,
    "name": "WIGAN",
  },
  Object {
    "custodianCode": 3940,
    "name": "WILTSHIRE",
  },
  Object {
    "custodianCode": 355,
    "name": "WINDSOR AND MAIDENHEAD",
  },
  Object {
    "custodianCode": 4325,
    "name": "WIRRAL",
  },
  Object {
    "custodianCode": 360,
    "name": "WOKINGHAM",
  },
  Object {
    "custodianCode": 4635,
    "name": "WOLVERHAMPTON",
  },
  Object {
    "custodianCode": 425,
    "name": "WYCOMBE",
  },
  Object {
    "custodianCode": 2741,
    "name": "YORK",
  },
]
`;
