// Jest Snapshot v1, https://goo.gl/fbAQLP

exports[`establishment Non CQC Establishment should update the Local Authorities Share Options 1`] = `
Array [
  Object {
    "custodianCode": 716,
    "name": "Barking & Dagenham",
  },
  Object {
    "custodianCode": 717,
    "name": "Barnet",
  },
  Object {
    "custodianCode": 204,
    "name": "Barnsley",
  },
  Object {
    "custodianCode": 908,
    "name": "Bath and North East Somerset",
  },
  Object {
    "custodianCode": 996,
    "name": "Bedford",
  },
  Object {
    "custodianCode": 718,
    "name": "Bexley",
  },
  Object {
    "custodianCode": 406,
    "name": "Birmingham",
  },
  Object {
    "custodianCode": 324,
    "name": "Blackburn with Darwen",
  },
  Object {
    "custodianCode": 325,
    "name": "Blackpool",
  },
  Object {
    "custodianCode": 304,
    "name": "Bolton",
  },
  Object {
    "custodianCode": 810,
    "name": "Bournemouth",
  },
  Object {
    "custodianCode": 614,
    "name": "Bracknell Forest",
  },
  Object {
    "custodianCode": 209,
    "name": "Bradford",
  },
  Object {
    "custodianCode": 719,
    "name": "Brent",
  },
  Object {
    "custodianCode": 816,
    "name": "Brighton & Hove",
  },
  Object {
    "custodianCode": 909,
    "name": "Bristol",
  },
  Object {
    "custodianCode": 720,
    "name": "Bromley",
  },
  Object {
    "custodianCode": 612,
    "name": "Buckinghamshire",
  },
  Object {
    "custodianCode": 305,
    "name": "Bury",
  },
  Object {
    "custodianCode": 210,
    "name": "Calderdale",
  },
  Object {
    "custodianCode": 623,
    "name": "Cambridgeshire",
  },
  Object {
    "custodianCode": 702,
    "name": "Camden",
  },
  Object {
    "custodianCode": 997,
    "name": "Central Bedfordshire",
  },
  Object {
    "custodianCode": 998,
    "name": "Cheshire East",
  },
  Object {
    "custodianCode": 999,
    "name": "Cheshire West & Chester",
  },
  Object {
    "custodianCode": 714,
    "name": "City of London",
  },
  Object {
    "custodianCode": 902,
    "name": "Cornwall",
  },
  Object {
    "custodianCode": 407,
    "name": "Coventry",
  },
  Object {
    "custodianCode": 721,
    "name": "Croydon",
  },
  Object {
    "custodianCode": 102,
    "name": "Cumbria",
  },
  Object {
    "custodianCode": 117,
    "name": "Darlington",
  },
  Object {
    "custodianCode": 507,
    "name": "Derby",
  },
  Object {
    "custodianCode": 506,
    "name": "Derbyshire",
  },
  Object {
    "custodianCode": 912,
    "name": "Devon",
  },
  Object {
    "custodianCode": 205,
    "name": "Doncaster",
  },
  Object {
    "custodianCode": 809,
    "name": "Dorset",
  },
  Object {
    "custodianCode": 408,
    "name": "Dudley",
  },
  Object {
    "custodianCode": 116,
    "name": "Durham",
  },
  Object {
    "custodianCode": 722,
    "name": "Ealing",
  },
  Object {
    "custodianCode": 214,
    "name": "East Riding of Yorkshire",
  },
  Object {
    "custodianCode": 815,
    "name": "East Sussex",
  },
  Object {
    "custodianCode": 723,
    "name": "Enfield",
  },
  Object {
    "custodianCode": 620,
    "name": "Essex",
  },
  Object {
    "custodianCode": 106,
    "name": "Gateshead",
  },
  Object {
    "custodianCode": 904,
    "name": "Gloucestershire",
  },
  Object {
    "custodianCode": 703,
    "name": "Greenwich",
  },
  Object {
    "custodianCode": 704,
    "name": "Hackney",
  },
  Object {
    "custodianCode": 321,
    "name": "Halton",
  },
  Object {
    "custodianCode": 705,
    "name": "Hammersmith & Fulham",
  },
  Object {
    "custodianCode": 812,
    "name": "Hampshire",
  },
  Object {
    "custodianCode": 724,
    "name": "Haringey",
  },
  Object {
    "custodianCode": 725,
    "name": "Harrow",
  },
  Object {
    "custodianCode": 111,
    "name": "Hartlepool",
  },
  Object {
    "custodianCode": 726,
    "name": "Havering",
  },
  Object {
    "custodianCode": 415,
    "name": "Herefordshire",
  },
  Object {
    "custodianCode": 606,
    "name": "Hertfordshire",
  },
  Object {
    "custodianCode": 727,
    "name": "Hillingdon",
  },
  Object {
    "custodianCode": 728,
    "name": "Hounslow",
  },
  Object {
    "custodianCode": 803,
    "name": "Isle of Wight",
  },
  Object {
    "custodianCode": 906,
    "name": "Isles of Scilly",
  },
  Object {
    "custodianCode": 706,
    "name": "Islington",
  },
  Object {
    "custodianCode": 707,
    "name": "Kensington & Chelsea",
  },
  Object {
    "custodianCode": 820,
    "name": "Kent",
  },
  Object {
    "custodianCode": 215,
    "name": "Kingston upon Hull",
  },
  Object {
    "custodianCode": 729,
    "name": "Kingston upon Thames",
  },
  Object {
    "custodianCode": 211,
    "name": "Kirklees",
  },
  Object {
    "custodianCode": 315,
    "name": "Knowsley",
  },
  Object {
    "custodianCode": 708,
    "name": "Lambeth",
  },
  Object {
    "custodianCode": 323,
    "name": "Lancashire",
  },
  Object {
    "custodianCode": 212,
    "name": "Leeds",
  },
  Object {
    "custodianCode": 509,
    "name": "Leicester",
  },
  Object {
    "custodianCode": 508,
    "name": "Leicestershire",
  },
  Object {
    "custodianCode": 709,
    "name": "Lewisham",
  },
  Object {
    "custodianCode": 503,
    "name": "Lincolnshire",
  },
  Object {
    "custodianCode": 316,
    "name": "Liverpool",
  },
  Object {
    "custodianCode": 611,
    "name": "Luton",
  },
  Object {
    "custodianCode": 306,
    "name": "Manchester",
  },
  Object {
    "custodianCode": 821,
    "name": "Medway",
  },
  Object {
    "custodianCode": 730,
    "name": "Merton",
  },
  Object {
    "custodianCode": 112,
    "name": "Middlesbrough",
  },
  Object {
    "custodianCode": 613,
    "name": "Milton Keynes",
  },
  Object {
    "custodianCode": 107,
    "name": "Newcastle upon Tyne",
  },
  Object {
    "custodianCode": 731,
    "name": "Newham",
  },
  Object {
    "custodianCode": 607,
    "name": "Norfolk",
  },
  Object {
    "custodianCode": 504,
    "name": "Northamptonshire",
  },
  Object {
    "custodianCode": 216,
    "name": "North East Lincolnshire",
  },
  Object {
    "custodianCode": 217,
    "name": "North Lincolnshire",
  },
  Object {
    "custodianCode": 910,
    "name": "North Somerset",
  },
  Object {
    "custodianCode": 108,
    "name": "North Tyneside",
  },
  Object {
    "custodianCode": 104,
    "name": "Northumberland",
  },
  Object {
    "custodianCode": 218,
    "name": "North Yorkshire",
  },
  Object {
    "custodianCode": 512,
    "name": "Nottingham",
  },
  Object {
    "custodianCode": 511,
    "name": "Nottinghamshire",
  },
  Object {
    "custodianCode": 307,
    "name": "Oldham",
  },
  Object {
    "custodianCode": 608,
    "name": "Oxfordshire",
  },
  Object {
    "custodianCode": 624,
    "name": "Peterborough",
  },
  Object {
    "custodianCode": 913,
    "name": "Plymouth",
  },
  Object {
    "custodianCode": 811,
    "name": "Poole",
  },
  Object {
    "custodianCode": 813,
    "name": "Portsmouth",
  },
  Object {
    "custodianCode": 616,
    "name": "Reading",
  },
  Object {
    "custodianCode": 732,
    "name": "Redbridge",
  },
  Object {
    "custodianCode": 113,
    "name": "Redcar & Cleveland",
  },
  Object {
    "custodianCode": 733,
    "name": "Richmond upon Thames",
  },
  Object {
    "custodianCode": 308,
    "name": "Rochdale",
  },
  Object {
    "custodianCode": 206,
    "name": "Rotherham",
  },
  Object {
    "custodianCode": 510,
    "name": "Rutland",
  },
  Object {
    "custodianCode": 309,
    "name": "Salford",
  },
  Object {
    "custodianCode": 409,
    "name": "Sandwell",
  },
  Object {
    "custodianCode": 317,
    "name": "Sefton",
  },
  Object {
    "custodianCode": 207,
    "name": "Sheffield",
  },
  Object {
    "custodianCode": 417,
    "name": "Shropshire",
  },
  Object {
    "custodianCode": 617,
    "name": "Slough",
  },
  Object {
    "custodianCode": 410,
    "name": "Solihull",
  },
  Object {
    "custodianCode": 905,
    "name": "Somerset",
  },
  Object {
    "custodianCode": 814,
    "name": "Southampton",
  },
  Object {
    "custodianCode": 621,
    "name": "Southend on Sea",
  },
  Object {
    "custodianCode": 911,
    "name": "South Gloucestershire",
  },
  Object {
    "custodianCode": 109,
    "name": "South Tyneside",
  },
  Object {
    "custodianCode": 710,
    "name": "Southwark",
  },
  Object {
    "custodianCode": 413,
    "name": "Staffordshire",
  },
  Object {
    "custodianCode": 318,
    "name": "St Helens",
  },
  Object {
    "custodianCode": 310,
    "name": "Stockport",
  },
  Object {
    "custodianCode": 114,
    "name": "Stockton on Tees",
  },
  Object {
    "custodianCode": 414,
    "name": "Stoke on Trent",
  },
  Object {
    "custodianCode": 609,
    "name": "Suffolk",
  },
  Object {
    "custodianCode": 110,
    "name": "Sunderland",
  },
  Object {
    "custodianCode": 805,
    "name": "Surrey",
  },
  Object {
    "custodianCode": 734,
    "name": "Sutton",
  },
  Object {
    "custodianCode": 819,
    "name": "Swindon",
  },
  Object {
    "custodianCode": 311,
    "name": "Tameside",
  },
  Object {
    "custodianCode": 418,
    "name": "Telford & Wrekin",
  },
  Object {
    "custodianCode": 622,
    "name": "Thurrock",
  },
  Object {
    "custodianCode": 914,
    "name": "Torbay",
  },
  Object {
    "custodianCode": 711,
    "name": "Tower Hamlets",
  },
  Object {
    "custodianCode": 312,
    "name": "Trafford",
  },
  Object {
    "custodianCode": 213,
    "name": "Wakefield",
  },
  Object {
    "custodianCode": 411,
    "name": "Walsall",
  },
  Object {
    "custodianCode": 735,
    "name": "Waltham Forest",
  },
  Object {
    "custodianCode": 712,
    "name": "Wandsworth",
  },
  Object {
    "custodianCode": 322,
    "name": "Warrington",
  },
  Object {
    "custodianCode": 404,
    "name": "Warwickshire",
  },
  Object {
    "custodianCode": 615,
    "name": "West Berkshire",
  },
  Object {
    "custodianCode": 713,
    "name": "Westminster",
  },
  Object {
    "custodianCode": 807,
    "name": "West Sussex",
  },
  Object {
    "custodianCode": 313,
    "name": "Wigan",
  },
  Object {
    "custodianCode": 817,
    "name": "Wiltshire",
  },
  Object {
    "custodianCode": 618,
    "name": "Windsor & Maidenhead",
  },
  Object {
    "custodianCode": 319,
    "name": "Wirral",
  },
  Object {
    "custodianCode": 619,
    "name": "Wokingham",
  },
  Object {
    "custodianCode": 412,
    "name": "Wolverhampton",
  },
  Object {
    "custodianCode": 416,
    "name": "Worcestershire",
  },
  Object {
    "custodianCode": 219,
    "name": "York",
  },
]
`;
