// Jest Snapshot v1, https://goo.gl/fbAQLP

exports[`Expected reference services should fetch CQC services by category 1`] = `
Array [
  Object {
    "category": "Adult community care",
    "services": Array [
      Object {
        "id": 19,
        "isCQC": true,
        "name": "Shared lives",
      },
    ],
  },
  Object {
    "category": "Adult domiciliary",
    "services": Array [
      Object {
        "id": 20,
        "isCQC": true,
        "name": "Domiciliary care services",
      },
      Object {
        "id": 21,
        "isCQC": true,
        "name": "Extra care housing services",
      },
      Object {
        "id": 22,
        "isCQC": true,
        "name": "Nurses agency",
      },
      Object {
        "id": 23,
        "isCQC": true,
        "name": "Supported living services",
      },
    ],
  },
  Object {
    "category": "Adult residential",
    "services": Array [
      Object {
        "id": 24,
        "isCQC": true,
        "name": "Care home services with nursing",
      },
      Object {
        "id": 25,
        "isCQC": true,
        "name": "Care home services without nursing",
      },
    ],
  },
  Object {
    "category": "Healthcare",
    "services": Array [
      Object {
        "id": 26,
        "isCQC": true,
        "name": "Community based services for people who misuse substances",
      },
      Object {
        "id": 27,
        "isCQC": true,
        "name": "Community based services for people with a learning disability",
      },
      Object {
        "id": 28,
        "isCQC": true,
        "name": "Community based services for people with mental health needs",
      },
      Object {
        "id": 29,
        "isCQC": true,
        "name": "Community healthcare services",
      },
      Object {
        "id": 30,
        "isCQC": true,
        "name": "Hospice services",
      },
      Object {
        "id": 31,
        "isCQC": true,
        "name": "Hospital services for people with mental health needs, learning disabilities and/or problems with substance misuse",
      },
      Object {
        "id": 32,
        "isCQC": true,
        "name": "Long term conditions services",
      },
      Object {
        "id": 33,
        "isCQC": true,
        "name": "Rehabilitation services",
      },
      Object {
        "id": 34,
        "isCQC": true,
        "name": "Residential substance misuse treatment/ rehabilitation services",
      },
    ],
  },
  Object {
    "category": "Other",
    "services": Array [
      Object {
        "id": 36,
        "isCQC": true,
        "name": "Specialist college services",
      },
    ],
  },
]
`;

exports[`Expected reference services should fetch Local Authorities 1`] = `
Array [
  Object {
    "id": 9052,
    "name": "ABERDEENSHIRE",
  },
  Object {
    "id": 3805,
    "name": "ADUR",
  },
  Object {
    "id": 905,
    "name": "ALLERDALE",
  },
  Object {
    "id": 1005,
    "name": "AMBER VALLEY",
  },
  Object {
    "id": 9053,
    "name": "ANGUS",
  },
  Object {
    "id": 9054,
    "name": "ARGYLL AND BUTE",
  },
  Object {
    "id": 3810,
    "name": "ARUN",
  },
  Object {
    "id": 3005,
    "name": "ASHFIELD",
  },
  Object {
    "id": 2205,
    "name": "ASHFORD",
  },
  Object {
    "id": 405,
    "name": "AYLESBURY VALE",
  },
  Object {
    "id": 3505,
    "name": "BABERGH",
  },
  Object {
    "id": 5060,
    "name": "BARKING AND DAGENHAM",
  },
  Object {
    "id": 5090,
    "name": "BARNET",
  },
  Object {
    "id": 4405,
    "name": "BARNSLEY",
  },
  Object {
    "id": 910,
    "name": "BARROW-IN-FURNESS",
  },
  Object {
    "id": 1505,
    "name": "BASILDON",
  },
  Object {
    "id": 1705,
    "name": "BASINGSTOKE AND DEANE",
  },
  Object {
    "id": 3010,
    "name": "BASSETLAW",
  },
  Object {
    "id": 235,
    "name": "BEDFORD",
  },
  Object {
    "id": 5120,
    "name": "BEXLEY",
  },
  Object {
    "id": 4605,
    "name": "BIRMINGHAM",
  },
  Object {
    "id": 2405,
    "name": "BLABY",
  },
  Object {
    "id": 2372,
    "name": "BLACKBURN WITH DARWEN",
  },
  Object {
    "id": 2373,
    "name": "BLACKPOOL",
  },
  Object {
    "id": 6910,
    "name": "BLAENAU GWENT",
  },
  Object {
    "id": 1010,
    "name": "BOLSOVER",
  },
  Object {
    "id": 4205,
    "name": "BOLTON",
  },
  Object {
    "id": 2505,
    "name": "BOSTON",
  },
  Object {
    "id": 1250,
    "name": "BOURNEMOUTH",
  },
  Object {
    "id": 335,
    "name": "BRACKNELL FOREST",
  },
  Object {
    "id": 4705,
    "name": "BRADFORD MDC",
  },
  Object {
    "id": 1510,
    "name": "BRAINTREE",
  },
  Object {
    "id": 2605,
    "name": "BRECKLAND",
  },
  Object {
    "id": 5150,
    "name": "BRENT",
  },
  Object {
    "id": 1515,
    "name": "BRENTWOOD",
  },
  Object {
    "id": 6915,
    "name": "BRIDGEND COUNTY BOROUGH",
  },
  Object {
    "id": 1445,
    "name": "BRIGHTON & HOVE",
  },
  Object {
    "id": 116,
    "name": "BRISTOL",
  },
  Object {
    "id": 2610,
    "name": "BROADLAND",
  },
  Object {
    "id": 1805,
    "name": "BROMSGROVE",
  },
  Object {
    "id": 1905,
    "name": "BROXBOURNE",
  },
  Object {
    "id": 3015,
    "name": "BROXTOWE",
  },
  Object {
    "id": 2315,
    "name": "BURNLEY",
  },
  Object {
    "id": 4210,
    "name": "BURY",
  },
  Object {
    "id": 6920,
    "name": "CAERPHILLY COUNTY BOROUGH",
  },
  Object {
    "id": 4710,
    "name": "CALDERDALE",
  },
  Object {
    "id": 505,
    "name": "CAMBRIDGE",
  },
  Object {
    "id": 5210,
    "name": "CAMDEN",
  },
  Object {
    "id": 3405,
    "name": "CANNOCK CHASE",
  },
  Object {
    "id": 2210,
    "name": "CANTERBURY",
  },
  Object {
    "id": 6815,
    "name": "CARDIFF",
  },
  Object {
    "id": 915,
    "name": "CARLISLE",
  },
  Object {
    "id": 6825,
    "name": "CARMARTHENSHIRE",
  },
  Object {
    "id": 1520,
    "name": "CASTLE POINT",
  },
  Object {
    "id": 240,
    "name": "CENTRAL BEDFORDSHIRE",
  },
  Object {
    "id": 6820,
    "name": "CEREDIGION",
  },
  Object {
    "id": 2410,
    "name": "CHARNWOOD",
  },
  Object {
    "id": 1525,
    "name": "CHELMSFORD",
  },
  Object {
    "id": 1605,
    "name": "CHELTENHAM",
  },
  Object {
    "id": 3105,
    "name": "CHERWELL",
  },
  Object {
    "id": 660,
    "name": "CHESHIRE EAST",
  },
  Object {
    "id": 665,
    "name": "CHESHIRE WEST AND CHESTER",
  },
  Object {
    "id": 1015,
    "name": "CHESTERFIELD",
  },
  Object {
    "id": 3815,
    "name": "CHICHESTER",
  },
  Object {
    "id": 415,
    "name": "CHILTERN",
  },
  Object {
    "id": 2320,
    "name": "CHORLEY",
  },
  Object {
    "id": 1210,
    "name": "CHRISTCHURCH",
  },
  Object {
    "id": 9051,
    "name": "CITY OF ABERDEEN",
  },
  Object {
    "id": 9059,
    "name": "CITY OF DUNDEE",
  },
  Object {
    "id": 9064,
    "name": "CITY OF EDINBURGH",
  },
  Object {
    "id": 9067,
    "name": "CITY OF GLASGOW",
  },
  Object {
    "id": 5030,
    "name": "CITY OF LONDON",
  },
  Object {
    "id": 3455,
    "name": "CITY OF STOKE-ON-TRENT",
  },
  Object {
    "id": 5990,
    "name": "CITY OF WESTMINSTER",
  },
  Object {
    "id": 9056,
    "name": "CLACKMANNAN",
  },
  Object {
    "id": 1530,
    "name": "COLCHESTER",
  },
  Object {
    "id": 6905,
    "name": "CONWY",
  },
  Object {
    "id": 920,
    "name": "COPELAND",
  },
  Object {
    "id": 2805,
    "name": "CORBY",
  },
  Object {
    "id": 840,
    "name": "CORNWALL",
  },
  Object {
    "id": 1610,
    "name": "COTSWOLD",
  },
  Object {
    "id": 4610,
    "name": "COVENTRY",
  },
  Object {
    "id": 2705,
    "name": "CRAVEN",
  },
  Object {
    "id": 3820,
    "name": "CRAWLEY",
  },
  Object {
    "id": 5240,
    "name": "CROYDON",
  },
  Object {
    "id": 1910,
    "name": "DACORUM",
  },
  Object {
    "id": 1350,
    "name": "DARLINGTON",
  },
  Object {
    "id": 2215,
    "name": "DARTFORD",
  },
  Object {
    "id": 2810,
    "name": "DAVENTRY",
  },
  Object {
    "id": 6830,
    "name": "DENBIGHSHIRE",
  },
  Object {
    "id": 1055,
    "name": "DERBY",
  },
  Object {
    "id": 1045,
    "name": "DERBYSHIRE DALES",
  },
  Object {
    "id": 4410,
    "name": "DONCASTER",
  },
  Object {
    "id": 2220,
    "name": "DOVER",
  },
  Object {
    "id": 4615,
    "name": "DUDLEY",
  },
  Object {
    "id": 9058,
    "name": "DUMFRIES AND GALLOWAY",
  },
  Object {
    "id": 1355,
    "name": "DURHAM",
  },
  Object {
    "id": 5270,
    "name": "EALING",
  },
  Object {
    "id": 9060,
    "name": "EAST AYRSHIRE",
  },
  Object {
    "id": 1410,
    "name": "EASTBOURNE",
  },
  Object {
    "id": 510,
    "name": "EAST CAMBRIDGESHIRE",
  },
  Object {
    "id": 1105,
    "name": "EAST DEVON",
  },
  Object {
    "id": 1240,
    "name": "EAST DORSET",
  },
  Object {
    "id": 9061,
    "name": "EAST DUNBARTONSHIRE",
  },
  Object {
    "id": 1710,
    "name": "EAST HAMPSHIRE",
  },
  Object {
    "id": 1915,
    "name": "EAST HERTFORDSHIRE",
  },
  Object {
    "id": 1715,
    "name": "EASTLEIGH",
  },
  Object {
    "id": 2510,
    "name": "EAST LINDSEY",
  },
  Object {
    "id": 9062,
    "name": "EAST LOTHIAN",
  },
  Object {
    "id": 2815,
    "name": "EAST NORTHAMPTONSHIRE",
  },
  Object {
    "id": 9063,
    "name": "EAST RENFREWSHIRE",
  },
  Object {
    "id": 2001,
    "name": "EAST RIDING OF YORKSHIRE",
  },
  Object {
    "id": 3410,
    "name": "EAST STAFFORDSHIRE",
  },
  Object {
    "id": 925,
    "name": "EDEN",
  },
  Object {
    "id": 3605,
    "name": "ELMBRIDGE",
  },
  Object {
    "id": 5300,
    "name": "ENFIELD",
  },
  Object {
    "id": 1535,
    "name": "EPPING FOREST",
  },
  Object {
    "id": 3610,
    "name": "EPSOM AND EWELL",
  },
  Object {
    "id": 1025,
    "name": "EREWASH",
  },
  Object {
    "id": 1110,
    "name": "EXETER",
  },
  Object {
    "id": 9065,
    "name": "FALKIRK",
  },
  Object {
    "id": 1720,
    "name": "FAREHAM",
  },
  Object {
    "id": 515,
    "name": "FENLAND",
  },
  Object {
    "id": 9066,
    "name": "FIFE",
  },
  Object {
    "id": 6835,
    "name": "FLINTSHIRE",
  },
  Object {
    "id": 2250,
    "name": "Folkestone and Hythe",
  },
  Object {
    "id": 3510,
    "name": "FOREST HEATH",
  },
  Object {
    "id": 1615,
    "name": "FOREST OF DEAN",
  },
  Object {
    "id": 2325,
    "name": "FYLDE",
  },
  Object {
    "id": 4505,
    "name": "GATESHEAD",
  },
  Object {
    "id": 3020,
    "name": "GEDLING",
  },
  Object {
    "id": 1620,
    "name": "GLOUCESTER",
  },
  Object {
    "id": 1725,
    "name": "GOSPORT",
  },
  Object {
    "id": 2230,
    "name": "GRAVESHAM",
  },
  Object {
    "id": 2615,
    "name": "GREAT YARMOUTH",
  },
  Object {
    "id": 5330,
    "name": "GREENWICH",
  },
  Object {
    "id": 3615,
    "name": "GUILDFORD",
  },
  Object {
    "id": 6810,
    "name": "GWYNEDD",
  },
  Object {
    "id": 5360,
    "name": "HACKNEY",
  },
  Object {
    "id": 650,
    "name": "HALTON",
  },
  Object {
    "id": 2710,
    "name": "HAMBLETON",
  },
  Object {
    "id": 5390,
    "name": "HAMMERSMITH AND FULHAM",
  },
  Object {
    "id": 2415,
    "name": "HARBOROUGH",
  },
  Object {
    "id": 1540,
    "name": "HARLOW",
  },
  Object {
    "id": 2715,
    "name": "HARROGATE",
  },
  Object {
    "id": 5450,
    "name": "HARROW",
  },
  Object {
    "id": 1730,
    "name": "HART",
  },
  Object {
    "id": 724,
    "name": "HARTLEPOOL",
  },
  Object {
    "id": 1415,
    "name": "HASTINGS",
  },
  Object {
    "id": 1735,
    "name": "HAVANT",
  },
  Object {
    "id": 5480,
    "name": "HAVERING",
  },
  Object {
    "id": 1850,
    "name": "HEREFORDSHIRE",
  },
  Object {
    "id": 1920,
    "name": "HERTSMERE",
  },
  Object {
    "id": 9068,
    "name": "HIGHLAND",
  },
  Object {
    "id": 1030,
    "name": "HIGH PEAK",
  },
  Object {
    "id": 5510,
    "name": "HILLINGDON",
  },
  Object {
    "id": 2420,
    "name": "HINCKLEY AND BOSWORTH",
  },
  Object {
    "id": 3825,
    "name": "HORSHAM",
  },
  Object {
    "id": 520,
    "name": "HUNTINGDONSHIRE",
  },
  Object {
    "id": 2330,
    "name": "HYNDBURN",
  },
  Object {
    "id": 9069,
    "name": "INVERCLYDE",
  },
  Object {
    "id": 3515,
    "name": "IPSWICH",
  },
  Object {
    "id": 6805,
    "name": "ISLE OF ANGLESEY",
  },
  Object {
    "id": 2114,
    "name": "ISLE OF WIGHT",
  },
  Object {
    "id": 835,
    "name": "ISLES OF SCILLY",
  },
  Object {
    "id": 5570,
    "name": "ISLINGTON",
  },
  Object {
    "id": 5600,
    "name": "KENSINGTON AND CHELSEA",
  },
  Object {
    "id": 2820,
    "name": "KETTERING",
  },
  Object {
    "id": 2635,
    "name": "KINGS LYNN AND WEST NORFOLK",
  },
  Object {
    "id": 2004,
    "name": "KINGSTON UPON HULL",
  },
  Object {
    "id": 5630,
    "name": "KINGSTON UPON THAMES",
  },
  Object {
    "id": 4715,
    "name": "KIRKLEES",
  },
  Object {
    "id": 4305,
    "name": "KNOWSLEY",
  },
  Object {
    "id": 5660,
    "name": "LAMBETH",
  },
  Object {
    "id": 2335,
    "name": "LANCASTER CITY",
  },
  Object {
    "id": 4720,
    "name": "LEEDS",
  },
  Object {
    "id": 2465,
    "name": "LEICESTER CITY",
  },
  Object {
    "id": 1425,
    "name": "LEWES",
  },
  Object {
    "id": 5690,
    "name": "LEWISHAM",
  },
  Object {
    "id": 3415,
    "name": "LICHFIELD",
  },
  Object {
    "id": 2515,
    "name": "LINCOLN",
  },
  Object {
    "id": 4310,
    "name": "LIVERPOOL",
  },
  Object {
    "id": 5180,
    "name": "LONDON BOROUGH OF BROMLEY",
  },
  Object {
    "id": 5420,
    "name": "LONDON BOROUGH OF HARINGEY",
  },
  Object {
    "id": 5540,
    "name": "LONDON BOROUGH OF HOUNSLOW",
  },
  Object {
    "id": 230,
    "name": "LUTON",
  },
  Object {
    "id": 2235,
    "name": "MAIDSTONE",
  },
  Object {
    "id": 1545,
    "name": "MALDON",
  },
  Object {
    "id": 1820,
    "name": "MALVERN HILLS",
  },
  Object {
    "id": 4215,
    "name": "MANCHESTER",
  },
  Object {
    "id": 3025,
    "name": "MANSFIELD",
  },
  Object {
    "id": 2280,
    "name": "MEDWAY",
  },
  Object {
    "id": 2430,
    "name": "MELTON",
  },
  Object {
    "id": 3305,
    "name": "MENDIP",
  },
  Object {
    "id": 6925,
    "name": "MERTHYR TYDFIL UA",
  },
  Object {
    "id": 5720,
    "name": "MERTON",
  },
  Object {
    "id": 1135,
    "name": "MID DEVON",
  },
  Object {
    "id": 734,
    "name": "MIDDLESBROUGH",
  },
  Object {
    "id": 9070,
    "name": "MIDLOTHIAN",
  },
  Object {
    "id": 3520,
    "name": "MID SUFFOLK",
  },
  Object {
    "id": 3830,
    "name": "MID SUSSEX",
  },
  Object {
    "id": 435,
    "name": "MILTON KEYNES",
  },
  Object {
    "id": 3620,
    "name": "MOLE VALLEY",
  },
  Object {
    "id": 6840,
    "name": "MONMOUTHSHIRE",
  },
  Object {
    "id": 9071,
    "name": "MORAY",
  },
  Object {
    "id": 6930,
    "name": "NEATH PORT TALBOT",
  },
  Object {
    "id": 3030,
    "name": "NEWARK AND SHERWOOD",
  },
  Object {
    "id": 3420,
    "name": "NEWCASTLE-UNDER-LYME",
  },
  Object {
    "id": 4510,
    "name": "NEWCASTLE UPON TYNE",
  },
  Object {
    "id": 1740,
    "name": "NEW FOREST",
  },
  Object {
    "id": 5750,
    "name": "NEWHAM",
  },
  Object {
    "id": 6935,
    "name": "NEWPORT",
  },
  Object {
    "id": 2825,
    "name": "NORTHAMPTON",
  },
  Object {
    "id": 9072,
    "name": "NORTH AYRSHIRE",
  },
  Object {
    "id": 1115,
    "name": "NORTH DEVON",
  },
  Object {
    "id": 1215,
    "name": "NORTH DORSET",
  },
  Object {
    "id": 1035,
    "name": "NORTH EAST DERBYSHIRE",
  },
  Object {
    "id": 2002,
    "name": "NORTH EAST LINCOLNSHIRE",
  },
  Object {
    "id": 1925,
    "name": "NORTH HERTFORDSHIRE",
  },
  Object {
    "id": 2520,
    "name": "NORTH KESTEVEN",
  },
  Object {
    "id": 9073,
    "name": "NORTH LANARKSHIRE",
  },
  Object {
    "id": 2003,
    "name": "NORTH LINCOLNSHIRE",
  },
  Object {
    "id": 2620,
    "name": "NORTH NORFOLK",
  },
  Object {
    "id": 121,
    "name": "NORTH SOMERSET",
  },
  Object {
    "id": 4515,
    "name": "NORTH TYNESIDE",
  },
  Object {
    "id": 2935,
    "name": "NORTHUMBERLAND",
  },
  Object {
    "id": 3705,
    "name": "NORTH WARWICKSHIRE",
  },
  Object {
    "id": 2435,
    "name": "NORTH WEST LEICESTERSHIRE",
  },
  Object {
    "id": 2625,
    "name": "NORWICH",
  },
  Object {
    "id": 3060,
    "name": "NOTTINGHAM CITY",
  },
  Object {
    "id": 3710,
    "name": "NUNEATON AND BEDWORTH",
  },
  Object {
    "id": 2440,
    "name": "OADBY AND WIGSTON",
  },
  Object {
    "id": 4220,
    "name": "OLDHAM",
  },
  Object {
    "id": 7655,
    "name": "ORDNANCE SURVEY",
  },
  Object {
    "id": 9000,
    "name": "ORKNEY ISLANDS",
  },
  Object {
    "id": 3110,
    "name": "OXFORD",
  },
  Object {
    "id": 6845,
    "name": "PEMBROKESHIRE",
  },
  Object {
    "id": 2340,
    "name": "PENDLE",
  },
  Object {
    "id": 9074,
    "name": "PERTH AND KINROSS",
  },
  Object {
    "id": 540,
    "name": "PETERBOROUGH",
  },
  Object {
    "id": 1160,
    "name": "PLYMOUTH",
  },
  Object {
    "id": 1255,
    "name": "POOLE",
  },
  Object {
    "id": 1775,
    "name": "PORTSMOUTH CITY COUNCIL",
  },
  Object {
    "id": 6850,
    "name": "POWYS",
  },
  Object {
    "id": 2345,
    "name": "PRESTON",
  },
  Object {
    "id": 1225,
    "name": "PURBECK",
  },
  Object {
    "id": 345,
    "name": "READING",
  },
  Object {
    "id": 5780,
    "name": "REDBRIDGE",
  },
  Object {
    "id": 728,
    "name": "REDCAR AND CLEVELAND",
  },
  Object {
    "id": 1825,
    "name": "REDDITCH",
  },
  Object {
    "id": 3625,
    "name": "REIGATE AND BANSTEAD",
  },
  Object {
    "id": 9075,
    "name": "RENFREWSHIRE",
  },
  Object {
    "id": 6940,
    "name": "RHONDDA CYNON TAFF",
  },
  Object {
    "id": 2350,
    "name": "RIBBLE VALLEY",
  },
  Object {
    "id": 2720,
    "name": "RICHMONDSHIRE",
  },
  Object {
    "id": 5810,
    "name": "RICHMOND UPON THAMES",
  },
  Object {
    "id": 4225,
    "name": "ROCHDALE",
  },
  Object {
    "id": 1550,
    "name": "ROCHFORD",
  },
  Object {
    "id": 2355,
    "name": "ROSSENDALE",
  },
  Object {
    "id": 1430,
    "name": "ROTHER",
  },
  Object {
    "id": 4415,
    "name": "ROTHERHAM",
  },
  Object {
    "id": 3715,
    "name": "RUGBY",
  },
  Object {
    "id": 3630,
    "name": "RUNNYMEDE",
  },
  Object {
    "id": 3040,
    "name": "RUSHCLIFFE",
  },
  Object {
    "id": 1750,
    "name": "RUSHMOOR",
  },
  Object {
    "id": 2470,
    "name": "RUTLAND",
  },
  Object {
    "id": 2725,
    "name": "RYEDALE",
  },
  Object {
    "id": 4230,
    "name": "SALFORD",
  },
  Object {
    "id": 4620,
    "name": "SANDWELL",
  },
  Object {
    "id": 2730,
    "name": "SCARBOROUGH",
  },
  Object {
    "id": 9055,
    "name": "SCOTTISH BORDERS",
  },
  Object {
    "id": 3310,
    "name": "SEDGEMOOR",
  },
  Object {
    "id": 4320,
    "name": "SEFTON COUNCIL",
  },
  Object {
    "id": 2735,
    "name": "SELBY",
  },
  Object {
    "id": 2245,
    "name": "SEVENOAKS",
  },
  Object {
    "id": 4420,
    "name": "SHEFFIELD",
  },
  Object {
    "id": 9010,
    "name": "SHETLAND ISLANDS",
  },
  Object {
    "id": 3245,
    "name": "SHROPSHIRE",
  },
  Object {
    "id": 350,
    "name": "SLOUGH",
  },
  Object {
    "id": 4625,
    "name": "SOLIHULL",
  },
  Object {
    "id": 1780,
    "name": "SOUTHAMPTON",
  },
  Object {
    "id": 9076,
    "name": "SOUTH AYRSHIRE",
  },
  Object {
    "id": 410,
    "name": "SOUTH BUCKS",
  },
  Object {
    "id": 530,
    "name": "SOUTH CAMBRIDGESHIRE",
  },
  Object {
    "id": 1040,
    "name": "SOUTH DERBYSHIRE",
  },
  Object {
    "id": 1590,
    "name": "SOUTHEND-ON-SEA",
  },
  Object {
    "id": 119,
    "name": "SOUTH GLOUCESTERSHIRE",
  },
  Object {
    "id": 1125,
    "name": "SOUTH HAMS",
  },
  Object {
    "id": 2525,
    "name": "SOUTH HOLLAND",
  },
  Object {
    "id": 2530,
    "name": "SOUTH KESTEVEN",
  },
  Object {
    "id": 930,
    "name": "SOUTH LAKELAND",
  },
  Object {
    "id": 9077,
    "name": "SOUTH LANARKSHIRE",
  },
  Object {
    "id": 2630,
    "name": "SOUTH NORFOLK",
  },
  Object {
    "id": 2830,
    "name": "SOUTH NORTHAMPTONSHIRE",
  },
  Object {
    "id": 3115,
    "name": "SOUTH OXFORDSHIRE",
  },
  Object {
    "id": 2360,
    "name": "SOUTH RIBBLE",
  },
  Object {
    "id": 3325,
    "name": "SOUTH SOMERSET",
  },
  Object {
    "id": 3430,
    "name": "SOUTH STAFFORDSHIRE",
  },
  Object {
    "id": 4520,
    "name": "SOUTH TYNESIDE",
  },
  Object {
    "id": 5840,
    "name": "SOUTHWARK",
  },
  Object {
    "id": 3635,
    "name": "SPELTHORNE",
  },
  Object {
    "id": 3425,
    "name": "STAFFORD",
  },
  Object {
    "id": 3435,
    "name": "STAFFORDSHIRE MOORLANDS",
  },
  Object {
    "id": 1930,
    "name": "ST ALBANS",
  },
  Object {
    "id": 3525,
    "name": "ST EDMUNDSBURY",
  },
  Object {
    "id": 1935,
    "name": "STEVENAGE",
  },
  Object {
    "id": 4315,
    "name": "ST HELENS COUNCIL",
  },
  Object {
    "id": 9078,
    "name": "STIRLING",
  },
  Object {
    "id": 4235,
    "name": "STOCKPORT",
  },
  Object {
    "id": 738,
    "name": "STOCKTON-ON-TEES",
  },
  Object {
    "id": 3720,
    "name": "STRATFORD-ON-AVON",
  },
  Object {
    "id": 1625,
    "name": "STROUD",
  },
  Object {
    "id": 3530,
    "name": "SUFFOLK COASTAL",
  },
  Object {
    "id": 4525,
    "name": "SUNDERLAND",
  },
  Object {
    "id": 3640,
    "name": "SURREY HEATH",
  },
  Object {
    "id": 5870,
    "name": "SUTTON",
  },
  Object {
    "id": 2255,
    "name": "SWALE",
  },
  Object {
    "id": 6855,
    "name": "SWANSEA",
  },
  Object {
    "id": 3935,
    "name": "SWINDON",
  },
  Object {
    "id": 4240,
    "name": "TAMESIDE",
  },
  Object {
    "id": 3445,
    "name": "TAMWORTH",
  },
  Object {
    "id": 3645,
    "name": "TANDRIDGE",
  },
  Object {
    "id": 3315,
    "name": "TAUNTON DEANE",
  },
  Object {
    "id": 1130,
    "name": "TEIGNBRIDGE",
  },
  Object {
    "id": 3240,
    "name": "TELFORD AND WREKIN",
  },
  Object {
    "id": 1560,
    "name": "TENDRING",
  },
  Object {
    "id": 1760,
    "name": "TEST VALLEY",
  },
  Object {
    "id": 1630,
    "name": "TEWKESBURY",
  },
  Object {
    "id": 2260,
    "name": "THANET DISTRICT",
  },
  Object {
    "id": 1940,
    "name": "THREE RIVERS",
  },
  Object {
    "id": 1595,
    "name": "THURROCK",
  },
  Object {
    "id": 2265,
    "name": "TONBRIDGE AND MALLING",
  },
  Object {
    "id": 1165,
    "name": "TORBAY",
  },
  Object {
    "id": 6945,
    "name": "TORFAEN",
  },
  Object {
    "id": 1145,
    "name": "TORRIDGE",
  },
  Object {
    "id": 5900,
    "name": "TOWER HAMLETS",
  },
  Object {
    "id": 4245,
    "name": "TRAFFORD",
  },
  Object {
    "id": 2270,
    "name": "TUNBRIDGE WELLS",
  },
  Object {
    "id": 1570,
    "name": "UTTLESFORD",
  },
  Object {
    "id": 6950,
    "name": "VALE OF GLAMORGAN",
  },
  Object {
    "id": 3120,
    "name": "VALE OF WHITE HORSE",
  },
  Object {
    "id": 4725,
    "name": "WAKEFIELD",
  },
  Object {
    "id": 4630,
    "name": "WALSALL",
  },
  Object {
    "id": 5930,
    "name": "WALTHAM FOREST",
  },
  Object {
    "id": 5960,
    "name": "WANDSWORTH",
  },
  Object {
    "id": 655,
    "name": "WARRINGTON",
  },
  Object {
    "id": 3725,
    "name": "WARWICK",
  },
  Object {
    "id": 1945,
    "name": "WATFORD",
  },
  Object {
    "id": 3535,
    "name": "WAVENEY",
  },
  Object {
    "id": 3650,
    "name": "WAVERLEY",
  },
  Object {
    "id": 1435,
    "name": "WEALDEN",
  },
  Object {
    "id": 2835,
    "name": "WELLINGBOROUGH",
  },
  Object {
    "id": 1950,
    "name": "WELWYN HATFIELD",
  },
  Object {
    "id": 340,
    "name": "WEST BERKSHIRE",
  },
  Object {
    "id": 1150,
    "name": "WEST DEVON",
  },
  Object {
    "id": 1230,
    "name": "WEST DORSET",
  },
  Object {
    "id": 9057,
    "name": "WEST DUNBARTONSHIRE",
  },
  Object {
    "id": 9020,
    "name": "WESTERN ISLES",
  },
  Object {
    "id": 2365,
    "name": "WEST LANCASHIRE",
  },
  Object {
    "id": 2535,
    "name": "WEST LINDSEY",
  },
  Object {
    "id": 9079,
    "name": "WEST LOTHIAN",
  },
  Object {
    "id": 3125,
    "name": "WEST OXFORDSHIRE",
  },
  Object {
    "id": 3320,
    "name": "WEST SOMERSET",
  },
  Object {
    "id": 1235,
    "name": "WEYMOUTH AND PORTLAND",
  },
  Object {
    "id": 4250,
    "name": "WIGAN",
  },
  Object {
    "id": 3940,
    "name": "WILTSHIRE",
  },
  Object {
    "id": 1765,
    "name": "WINCHESTER",
  },
  Object {
    "id": 355,
    "name": "WINDSOR AND MAIDENHEAD",
  },
  Object {
    "id": 4325,
    "name": "WIRRAL",
  },
  Object {
    "id": 3655,
    "name": "WOKING",
  },
  Object {
    "id": 360,
    "name": "WOKINGHAM",
  },
  Object {
    "id": 4635,
    "name": "WOLVERHAMPTON",
  },
  Object {
    "id": 1835,
    "name": "WORCESTER",
  },
  Object {
    "id": 3835,
    "name": "WORTHING",
  },
  Object {
    "id": 6955,
    "name": "WREXHAM",
  },
  Object {
    "id": 1840,
    "name": "WYCHAVON",
  },
  Object {
    "id": 425,
    "name": "WYCOMBE",
  },
  Object {
    "id": 2370,
    "name": "WYRE",
  },
  Object {
    "id": 1845,
    "name": "WYRE FOREST",
  },
  Object {
    "id": 2741,
    "name": "YORK",
  },
]
`;

exports[`Expected reference services should fetch Non-CQC services by category 1`] = `
Array [
  Object {
    "category": "Adult community care",
    "services": Array [
      Object {
        "id": 1,
        "isCQC": false,
        "name": "Carers support",
      },
      Object {
        "id": 2,
        "isCQC": false,
        "name": "Community support and outreach",
      },
      Object {
        "id": 3,
        "isCQC": false,
        "name": "Disability adaptations / assistive technology services",
      },
      Object {
        "id": 4,
        "isCQC": false,
        "name": "Information and advice services",
      },
      Object {
        "id": 5,
        "isCQC": false,
        "name": "Occupational / employment-related services",
      },
      Object {
        "id": 6,
        "isCQC": false,
        "name": "Other adult community care service",
      },
      Object {
        "id": 7,
        "isCQC": false,
        "name": "Short breaks / respite care",
      },
      Object {
        "id": 8,
        "isCQC": false,
        "name": "Social work and care management",
      },
    ],
  },
  Object {
    "category": "Adult day",
    "services": Array [
      Object {
        "id": 9,
        "isCQC": false,
        "name": "Day care and day services",
      },
      Object {
        "id": 10,
        "isCQC": false,
        "name": "Other adult day care services",
      },
    ],
  },
  Object {
    "category": "Adult domiciliary",
    "services": Array [
      Object {
        "id": 11,
        "isCQC": false,
        "name": "Domestic services and home help",
      },
      Object {
        "id": 18,
        "isCQC": false,
        "name": "Other adult domiciliary care service",
      },
    ],
  },
  Object {
    "category": "Adult residential",
    "services": Array [
      Object {
        "id": 12,
        "isCQC": false,
        "name": "Other adult residential care services",
      },
      Object {
        "id": 13,
        "isCQC": false,
        "name": "Sheltered housing",
      },
    ],
  },
  Object {
    "category": "Other",
    "services": Array [
      Object {
        "id": 14,
        "isCQC": false,
        "name": "Any childrens / young peoples services",
      },
      Object {
        "id": 15,
        "isCQC": false,
        "name": "Any other services",
      },
      Object {
        "id": 16,
        "isCQC": false,
        "name": "Head office services",
      },
      Object {
        "id": 17,
        "isCQC": false,
        "name": "Other healthcare service",
      },
    ],
  },
]
`;

exports[`Expected reference services should fetch jobs 1`] = `
Object {
  "jobs": Array [
    Object {
      "id": 19,
      "title": "Activities worker or co-ordinator",
    },
    Object {
      "id": 17,
      "title": "Administrative or office staff not care-providing",
    },
    Object {
      "id": 4,
      "title": "Advice Guidance and Advocacy",
    },
    Object {
      "id": 15,
      "title": "Allied Health Professional",
    },
    Object {
      "id": 18,
      "title": "Ancillary staff not care-providing",
    },
    Object {
      "id": 2,
      "title": "Care Worker",
    },
    Object {
      "id": 3,
      "title": "Community Support and Outreach Work",
    },
    Object {
      "id": 8,
      "title": "First Line Manager",
    },
    Object {
      "id": 11,
      "title": "Managers and staff in care-related but not care-providing roles",
    },
    Object {
      "id": 7,
      "title": "Middle Management",
    },
    Object {
      "id": 13,
      "title": "Occupational Therapist",
    },
    Object {
      "id": 20,
      "title": "Occupational therapist assistant",
    },
    Object {
      "id": 5,
      "title": "Other care-providing job role",
    },
    Object {
      "id": 21,
      "title": "Other non-care-providing job roles",
    },
    Object {
      "id": 9,
      "title": "Registered Manager",
    },
    Object {
      "id": 14,
      "title": "Registered Nurse",
    },
    Object {
      "id": 16,
      "title": "Safeguarding and reviewing officer",
    },
    Object {
      "id": 1,
      "title": "Senior Care Worker",
    },
    Object {
      "id": 6,
      "title": "Senior Management",
    },
    Object {
      "id": 12,
      "title": "Social Worker",
    },
    Object {
      "id": 10,
      "title": "Supervisor",
    },
  ],
}
`;

exports[`Expected reference services should fetch services 1`] = `
Array [
  Object {
    "category": "Adult community care",
    "name": "Carers support",
    "serviceId": 1,
  },
  Object {
    "category": "Adult community care",
    "name": "Community support and outreach",
    "serviceId": 2,
  },
  Object {
    "category": "Adult community care",
    "name": "Disability adaptations / assistive technology services",
    "serviceId": 3,
  },
  Object {
    "category": "Adult community care",
    "name": "Information and advice services",
    "serviceId": 4,
  },
  Object {
    "category": "Adult community care",
    "name": "Occupational / employment-related services",
    "serviceId": 5,
  },
  Object {
    "category": "Adult community care",
    "name": "Other adult community care service",
    "serviceId": 6,
  },
  Object {
    "category": "Adult community care",
    "name": "Short breaks / respite care",
    "serviceId": 7,
  },
  Object {
    "category": "Adult community care",
    "name": "Social work and care management",
    "serviceId": 8,
  },
  Object {
    "category": "Adult day",
    "name": "Day care and day services",
    "serviceId": 9,
  },
  Object {
    "category": "Adult day",
    "name": "Other adult day care services",
    "serviceId": 10,
  },
  Object {
    "category": "Adult domiciliary",
    "name": "Domestic services and home help",
    "serviceId": 11,
  },
  Object {
    "category": "Adult residential",
    "name": "Other adult residential care services",
    "serviceId": 12,
  },
  Object {
    "category": "Adult residential",
    "name": "Sheltered housing",
    "serviceId": 13,
  },
  Object {
    "category": "Other",
    "name": "Any childrens / young peoples services",
    "serviceId": 14,
  },
  Object {
    "category": "Other",
    "name": "Any other services",
    "serviceId": 15,
  },
  Object {
    "category": "Other",
    "name": "Head office services",
    "serviceId": 16,
  },
  Object {
    "category": "Other",
    "name": "Other healthcare service",
    "serviceId": 17,
  },
  Object {
    "category": "Adult domiciliary",
    "name": "Other adult domiciliary care service",
    "serviceId": 18,
  },
  Object {
    "category": "Adult community care",
    "name": "Shared lives",
    "serviceId": 19,
  },
  Object {
    "category": "Adult domiciliary",
    "name": "Domiciliary care services",
    "serviceId": 20,
  },
  Object {
    "category": "Adult domiciliary",
    "name": "Extra care housing services",
    "serviceId": 21,
  },
  Object {
    "category": "Adult domiciliary",
    "name": "Nurses agency",
    "serviceId": 22,
  },
  Object {
    "category": "Adult domiciliary",
    "name": "Supported living services",
    "serviceId": 23,
  },
  Object {
    "category": "Healthcare",
    "name": "Community based services for people who misuse substances",
    "serviceId": 26,
  },
  Object {
    "category": "Healthcare",
    "name": "Community based services for people with a learning disability",
    "serviceId": 27,
  },
  Object {
    "category": "Healthcare",
    "name": "Community based services for people with mental health needs",
    "serviceId": 28,
  },
  Object {
    "category": "Healthcare",
    "name": "Community healthcare services",
    "serviceId": 29,
  },
  Object {
    "category": "Healthcare",
    "name": "Hospice services",
    "serviceId": 30,
  },
  Object {
    "category": "Healthcare",
    "name": "Hospital services for people with mental health needs, learning disabilities and/or problems with substance misuse",
    "serviceId": 31,
  },
  Object {
    "category": "Healthcare",
    "name": "Long term conditions services",
    "serviceId": 32,
  },
  Object {
    "category": "Healthcare",
    "name": "Rehabilitation services",
    "serviceId": 33,
  },
  Object {
    "category": "Healthcare",
    "name": "Residential substance misuse treatment/ rehabilitation services",
    "serviceId": 34,
  },
  Object {
    "category": "Other",
    "name": "Specialist college services",
    "serviceId": 36,
  },
  Object {
    "category": "Adult residential",
    "name": "Care home services with nursing",
    "serviceId": 24,
  },
  Object {
    "category": "Adult residential",
    "name": "Care home services without nursing",
    "serviceId": 25,
  },
]
`;
